To honour the JVM settings for this build a single-use Daemon process will be forked. For more on this, please refer to https://docs.gradle.org/8.13/userguide/gradle_daemon.html#sec:disabling_the_daemon in the Gradle documentation.
Daemon will be stopped at the end of the build 
> Task :app:preBuild UP-TO-DATE
> Task :app:preReleaseBuild UP-TO-DATE
> Task :app:generateReleaseResValues FROM-CACHE
> Task :app:mapReleaseSourceSetPaths
> Task :app:generateReleaseResources FROM-CACHE
> Task :app:mergeReleaseResources FROM-CACHE
> Task :app:createReleaseCompatibleScreenManifests
> Task :app:extractDeepLinksRelease FROM-CACHE
> Task :app:processReleaseMainManifest FROM-CACHE
> Task :app:processReleaseManifest FROM-CACHE
> Task :app:processApplicationManifestReleaseForBundle
> Task :app:packageReleaseResources FROM-CACHE
> Task :app:checkReleaseAarMetadata
> Task :app:parseReleaseLocalResources FROM-CACHE
> Task :app:processReleaseManifestForPackage FROM-CACHE
> Task :app:processReleaseResources FROM-CACHE
> Task :app:bundleReleaseResources FROM-CACHE
> Task :app:extractReleaseVersionControlInfo
> Task :app:checkReleaseDuplicateClasses
> Task :app:buildKotlinToolingMetadata
> Task :app:checkKotlinGradlePluginConfigurationErrors SKIPPED
> Task :app:generateReleaseBuildConfig FROM-CACHE
> Task :app:javaPreCompileRelease FROM-CACHE
> Task :app:desugarReleaseFileDependencies FROM-CACHE
> Task :app:mergeReleaseStartupProfile
> Task :app:mergeExtDexRelease FROM-CACHE
> Task :app:mergeReleaseShaders
> Task :app:compileReleaseShaders NO-SOURCE
> Task :app:generateReleaseAssets UP-TO-DATE
> Task :app:mergeReleaseAssets
> Task :app:mergeReleaseJniLibFolders
> Task :app:writeReleaseAppMetadata
> Task :app:mergeReleaseNativeLibs
> Task :app:mergeReleaseArtProfile

> Task :app:stripReleaseDebugSymbols
Unable to strip the following libraries, packaging them as they are: libandroidx.graphics.path.so. Run with --info option to learn more.

> Task :app:collectReleaseDependencies
> Task :app:configureReleaseDependencies
> Task :app:extractReleaseNativeSymbolTables FROM-CACHE
> Task :app:extractProguardFiles
> Task :app:parseReleaseIntegrityConfig FROM-CACHE
> Task :app:mergeReleaseNativeDebugMetadata NO-SOURCE
> Task :app:compressReleaseAssets FROM-CACHE
> Task :app:optimizeReleaseResources FROM-CACHE
> Task :app:sdkReleaseDependencyData
> Task :app:writeReleaseSigningConfigVersions

> Task :app:compileReleaseKotlin
w: file:///home/runner/work/cantina-android/cantina-android/app/src/main/java/dev/pages/mywinecellar/data/Models.kt:31:36 This declaration needs opt-in. Its usage should be marked with '@kotlinx.serialization.ExperimentalSerializationApi' or '@OptIn(kotlinx.serialization.ExperimentalSerializationApi::class)'

> Task :app:compileReleaseJavaWithJavac
> Task :app:dexBuilderRelease
> Task :app:mergeReleaseGlobalSynthetics FROM-CACHE
> Task :app:processReleaseJavaRes
> Task :app:generateReleaseLintVitalReportModel
> Task :app:mergeReleaseJavaResource
> Task :app:mergeDexRelease
> Task :app:buildReleasePreBundle
> Task :app:compileReleaseArtProfile
> Task :app:lintVitalAnalyzeRelease
> Task :app:lintVitalReportRelease
> Task :app:lintVitalRelease
> Task :app:packageReleaseBundle
> Task :app:packageRelease
> Task :app:createReleaseApkListingFileRedirect
> Task :app:assembleRelease
> Task :app:signReleaseBundle
> Task :app:produceReleaseBundleIdeListingFile
> Task :app:createReleaseBundleListingFileRedirect
> Task :app:bundleRelease
gradle/actions: Writing build results to /home/runner/work/_temp/.gradle-actions/build-results/release_check-1791651687706.json

BUILD SUCCESSFUL in 51s
58 actionable tasks: 38 executed, 20 from cache
app/build/outputs/apk/release/:
total 7712
drwxr-xr-x 3 runner runner    4096 Oct 10 17:02 .
drwxr-xr-x 4 runner runner    4096 Oct 10 17:02 ..
-rw-r--r-- 1 runner runner 7880538 Oct 10 17:02 app-release-unsigned.apk
drwxr-xr-x 4 runner runner    4096 Oct 10 17:02 baselineProfiles
-rw-r--r-- 1 runner runner     730 Oct 10 17:02 output-metadata.json

app/build/outputs/bundle/release/:
total 7384
drwxr-xr-x 2 runner runner    4096 Oct 10 17:02 .
drwxr-xr-x 3 runner runner    4096 Oct 10 17:02 ..
-rw-r--r-- 1 runner runner 7549125 Oct 10 17:02 app-release.aab
